#
# There is insufficient memory for the Java Runtime Environment to continue.
# Native memory allocation (malloc) failed to allocate 1048576 bytes. Error detail: AllocateHeap
# Possible reasons:
#   The system is out of physical RAM or swap space
#   This process is running with CompressedOops enabled, and the Java Heap may be blocking the growth of the native heap
# Possible solutions:
#   Reduce memory load on the system
#   Increase physical memory or swap space
#   Check if swap backing store is full
#   Decrease Java heap size (-Xmx/-Xms)
#   Decrease number of Java threads
#   Decrease Java thread stack sizes (-Xss)
#   Set larger code cache with -XX:ReservedCodeCacheSize=
#   JVM is running with Unscaled Compressed Oops mode in which the Java heap is
#     placed in the first 4GB address space. The Java Heap base address is the
#     maximum limit for the native heap growth. Please use -XX:HeapBaseMinAddress
#     to set the Java Heap base and to place the Java Heap above 4GB virtual address.
# This output file may be truncated or incomplete.
#
#  Out of Memory Error (allocation.cpp:44), pid=20012, tid=2340
#
# JRE version:  (23.0.1+11) (build )
# Java VM: Java HotSpot(TM) 64-Bit Server VM (23.0.1+11-39, mixed mode, sharing, tiered, compressed oops, compressed class ptrs, parallel gc, windows-amd64)
# No core dump will be written. Minidumps are not enabled by default on client versions of Windows
#

---------------  S U M M A R Y ------------

Command Line: --add-modules=ALL-SYSTEM --add-opens=java.base/java.util=ALL-UNNAMED --add-opens=java.base/java.lang=ALL-UNNAMED --add-opens=java.base/sun.nio.fs=ALL-UNNAMED -Declipse.application=org.eclipse.jdt.ls.core.id1 -Dosgi.bundles.defaultStartLevel=4 -Declipse.product=org.eclipse.jdt.ls.core.product -Djava.import.generatesMetadataFilesAtProjectRoot=false -DDetectVMInstallationsJob.disabled=true -Dfile.encoding=utf8 -XX:+UseParallelGC -XX:GCTimeRatio=4 -XX:AdaptiveSizePolicyWeight=90 -Dsun.zip.disableMemoryMapping=true -Xmx2G -Xms100m -Xlog:disable -javaagent:c:\Users\Nicoj\.windsurf\extensions\redhat.java-1.54.0-win32-x64\lombok\lombok-1.18.39-4050.jar -XX:+HeapDumpOnOutOfMemoryError -XX:HeapDumpPath=c:\Users\Nicoj\AppData\Roaming\Windsurf\User\workspaceStorage\2d293b82bb6b51ac904ff350dfcbc79c\redhat.java -Daether.dependencyCollector.impl=bf c:\Users\Nicoj\.windsurf\extensions\redhat.java-1.54.0-win32-x64\server\plugins\org.eclipse.equinox.launcher_1.7.100.v20251111-0406.jar -configuration c:\Users\Nicoj\AppData\Roaming\Windsurf\User\globalStorage\redhat.java\1.54.0\config_win -data c:\Users\Nicoj\AppData\Roaming\Windsurf\User\workspaceStorage\2d293b82bb6b51ac904ff350dfcbc79c\redhat.java\jdt_ws --pipe=\\.\pipe\lsp-d0f9df9c3f00cb259189f1f19e359d2a-sock

Host: 12th Gen Intel(R) Core(TM) i5-12500H, 16 cores, 7G,  Windows 11 , 64 bit Build 26100 (10.0.26100.8328)
Time: Fri May  8 22:33:08 2026 Malay Peninsula Standard Time elapsed time: 1.592995 seconds (0d 0h 0m 1s)

---------------  T H R E A D  ---------------

Current thread (0x00000186e563f4e0):  JavaThread "Unknown thread" [_thread_in_vm, id=2340, stack(0x0000005a48200000,0x0000005a48300000) (1024K)]

Stack: [0x0000005a48200000,0x0000005a48300000]
Native frames: (J=compiled Java code, j=interpreted, Vv=VM code, C=native code)
V  [jvm.dll+0x6e08b9]  (no source info available)
V  [jvm.dll+0x87dc83]  (no source info available)
V  [jvm.dll+0x88010e]  (no source info available)
V  [jvm.dll+0x8807e3]  (no source info available)
V  [jvm.dll+0x27aee6]  (no source info available)
V  [jvm.dll+0xb6a17]  (no source info available)
V  [jvm.dll+0x71538c]  (no source info available)
V  [jvm.dll+0x6ee153]  (no source info available)
V  [jvm.dll+0x8448ab]  (no source info available)
V  [jvm.dll+0x3b97a1]  (no source info available)
V  [jvm.dll+0x82d22d]  (no source info available)
V  [jvm.dll+0x454d4e]  (no source info available)
V  [jvm.dll+0x456bd1]  (no source info available)
C  [jli.dll+0x52a3]  (no source info available)
C  [ucrtbase.dll+0x37b0]  (no source info available)
C  [KERNEL32.DLL+0x2e957]  (no source info available)
C  [ntdll.dll+0x427c]  (no source info available)

Lock stack of current Java thread (top to bottom):


---------------  P R O C E S S  ---------------

Threads class SMR info:
_java_thread_list=0x00000186e56a8950, length=1, elements={
0x00000186e563f4e0
}

Java Threads: ( => current thread )
=>0x00000186e563f4e0 JavaThread "Unknown thread"             [_thread_in_vm, id=2340, stack(0x0000005a48200000,0x0000005a48300000) (1024K)]
Total: 1

Other Threads:
  0x00000186c10dca00 WatcherThread "VM Periodic Task Thread"        [id=1532, stack(0x0000005a48400000,0x0000005a48500000) (1024K)]
  0x00000186e565dcc0 WorkerThread "GC Thread#0"                     [id=20488, stack(0x0000005a48300000,0x0000005a48400000) (1024K)]
Total: 2

Threads with active compile tasks:
Total: 0

VM state: not at safepoint (normal execution)

VM Mutex/Monitor currently owned by a thread: None

Heap address: 0x0000000080000000, size: 2048 MB, Compressed Oops mode: 32-bit

CDS archive(s) mapped at: [0x0000018680000000-0x0000018680d70000-0x0000018680d70000), size 14090240, SharedBaseAddress: 0x0000018680000000, ArchiveRelocationMode: 1.
Compressed class space mapped at: 0x0000018681000000-0x00000186c1000000, reserved size: 1073741824
Narrow klass base: 0x0000018680000000, Narrow klass shift: 0, Narrow klass range: 0x41000000

GC Precious Log:
 CardTable entry size: 512
 CPUs: 16 total, 16 available
 Memory: 7896M
 Large Page Support: Disabled
 NUMA Support: Disabled
 Compressed Oops: Enabled (32-bit)
 Alignments: Space 512K, Generation 512K, Heap 2M
 Heap Min Capacity: 100M
 Heap Initial Capacity: 100M
 Heap Max Capacity: 2G
 Pre-touch: Disabled
 Parallel Workers: 13

Heap:
 PSYoungGen      total 29696K, used 512K [0x00000000d5580000, 0x00000000d7680000, 0x0000000100000000)
  eden space 25600K, 2% used [0x00000000d5580000,0x00000000d5600020,0x00000000d6e80000)
  from space 4096K, 0% used [0x00000000d7280000,0x00000000d7280000,0x00000000d7680000)
  to   space 4096K, 0% used [0x00000000d6e80000,0x00000000d6e80000,0x00000000d7280000)
 ParOldGen       total 68608K, used 0K [0x0000000080000000, 0x0000000084300000, 0x00000000d5580000)
  object space 68608K, 0% used [0x0000000080000000,0x0000000080000000,0x0000000084300000)
 Metaspace       used 0K, committed 0K, reserved 1048576K
  class space    used 0K, committed 0K, reserved 1048576K

Card table byte_map: [0x00000186e5140000,0x00000186e5540000] _byte_map_base: 0x00000186e4d40000

Marking Bits: (ParMarkBitMap*) 0x00007fff9a6c8760
 Begin Bits: [0x00000186fd020000, 0x00000186ff020000)

Polling page: 0x00000186e34d0000

Metaspace:

Usage:
  Non-class:      0 bytes used.
      Class:      0 bytes used.
       Both:      0 bytes used.

Virtual space:
  Non-class space:        0 bytes reserved,       0 bytes (  ?%) committed,  0 nodes.
      Class space:        1.00 GB reserved,       0 bytes (  0%) committed,  1 nodes.
             Both:        1.00 GB reserved,       0 bytes (  0%) committed. 

Chunk freelists:
   Non-Class:  0 bytes
       Class:  16.00 MB
        Both:  16.00 MB

MaxMetaspaceSize: unlimited
CompressedClassSpaceSize: 1.00 GB
Initial GC threshold: 21.00 MB
Current GC threshold: 17179869184.00 GB
CDS: on
 - commit_granule_bytes: 65536.
 - commit_granule_words: 8192.
 - virtual_space_node_default_size: 8388608.
 - enlarge_chunks_in_place: 1.
 - use_allocation_guard: 0.


Internal statistics:

num_allocs_failed_limit: 0.
num_arena_births: 0.
num_arena_deaths: 0.
num_vsnodes_births: 1.
num_vsnodes_deaths: 0.
num_space_committed: 0.
num_space_uncommitted: 0.
num_chunks_returned_to_freelist: 0.
num_chunks_taken_from_freelist: 1.
num_chunk_merges: 0.
num_chunk_splits: 1.
num_chunks_enlarged: 0.
num_inconsistent_stats: 0.

CodeHeap 'non-profiled nmethods': size=119232Kb used=0Kb max_used=0Kb free=119232Kb
 bounds [0x00000186f5900000, 0x00000186f5b70000, 0x00000186fcd70000]
CodeHeap 'profiled nmethods': size=119104Kb used=0Kb max_used=0Kb free=119104Kb
 bounds [0x00000186edd70000, 0x00000186edfe0000, 0x00000186f51c0000]
CodeHeap 'non-nmethods': size=7424Kb used=186Kb max_used=342Kb free=7237Kb
 bounds [0x00000186f51c0000, 0x00000186f5430000, 0x00000186f5900000]
CodeCache: size=245760Kb, used=186Kb, max_used=342Kb, free=245573Kb
 total_blobs=69, nmethods=0, adapters=48, full_count=0
Compilation: enabled, stopped_count=0, restarted_count=0

Compilation events (0 events):
No events

GC Heap History (0 events):
No events

Dll operation events (1 events):
Event: 0.047 Loaded shared library C:\Program Files\Java\jdk-23\bin\java.dll

Deoptimization events (0 events):
No events

Classes loaded (0 events):
No events

Classes unloaded (0 events):
No events

Classes redefined (0 events):
No events

Internal exceptions (0 events):
No events

VM Operations (0 events):
No events

Memory protections (0 events):
No events

Nmethod flushes (0 events):
No events

Events (1 events):
Event: 0.579 Thread 0x00000186e563f4e0 Thread added: 0x00000186e563f4e0


Dynamic libraries:
0x00007ff62aa20000 - 0x00007ff62aa30000 	C:\Program Files\Java\jdk-23\bin\java.exe
0x00007ff84c9a0000 - 0x00007ff84cc07000 	C:\WINDOWS\SYSTEM32\ntdll.dll
0x00007ff84a820000 - 0x00007ff84a8e9000 	C:\WINDOWS\System32\KERNEL32.DLL
0x00007ff849930000 - 0x00007ff849d27000 	C:\WINDOWS\System32\KERNELBASE.dll
0x00007ff849720000 - 0x00007ff84986b000 	C:\WINDOWS\System32\ucrtbase.dll
0x00007fffee4e0000 - 0x00007fffee4f7000 	C:\Program Files\Java\jdk-23\bin\jli.dll
0x00007ff84c4c0000 - 0x00007ff84c686000 	C:\WINDOWS\System32\USER32.dll
0x00007ff8137e0000 - 0x00007ff8137fb000 	C:\Program Files\Java\jdk-23\bin\VCRUNTIME140.dll
0x00007ff8493d0000 - 0x00007ff8493f7000 	C:\WINDOWS\System32\win32u.dll
0x00007ff84c220000 - 0x00007ff84c24b000 	C:\WINDOWS\System32\GDI32.dll
0x00007ff849490000 - 0x00007ff8495bc000 	C:\WINDOWS\System32\gdi32full.dll
0x00007ff8495c0000 - 0x00007ff849663000 	C:\WINDOWS\System32\msvcp_win.dll
0x00007ff830da0000 - 0x00007ff831032000 	C:\WINDOWS\WinSxS\amd64_microsoft.windows.common-controls_6595b64144ccf1df_6.0.26100.8328_none_3e08182ce334b678\COMCTL32.dll
0x00007ff84ad20000 - 0x00007ff84adc9000 	C:\WINDOWS\System32\msvcrt.dll
0x00007ff84b7a0000 - 0x00007ff84b7d2000 	C:\WINDOWS\System32\IMM32.DLL
0x00007ff82a180000 - 0x00007ff82a18c000 	C:\Program Files\Java\jdk-23\bin\vcruntime140_1.dll
0x00007fffc23c0000 - 0x00007fffc244e000 	C:\Program Files\Java\jdk-23\bin\msvcp140.dll
0x00007fff99a50000 - 0x00007fff9a79f000 	C:\Program Files\Java\jdk-23\bin\server\jvm.dll
0x00007ff84c3f0000 - 0x00007ff84c4a6000 	C:\WINDOWS\System32\ADVAPI32.dll
0x00007ff84a720000 - 0x00007ff84a7c7000 	C:\WINDOWS\System32\sechost.dll
0x00007ff84c6b0000 - 0x00007ff84c7c8000 	C:\WINDOWS\System32\RPCRT4.dll
0x00007ff84c8d0000 - 0x00007ff84c950000 	C:\WINDOWS\System32\WS2_32.dll
0x00007ff848c30000 - 0x00007ff848c8e000 	C:\WINDOWS\SYSTEM32\POWRPROF.dll
0x00007ff83c990000 - 0x00007ff83c9c6000 	C:\WINDOWS\SYSTEM32\WINMM.dll
0x00007ff83fb30000 - 0x00007ff83fb3b000 	C:\WINDOWS\SYSTEM32\VERSION.dll
0x00007ff848bc0000 - 0x00007ff848bd4000 	C:\WINDOWS\SYSTEM32\UMPDC.dll
0x00007ff848140000 - 0x00007ff84815b000 	C:\WINDOWS\SYSTEM32\kernel.appcore.dll
0x00007ff81d2c0000 - 0x00007ff81d2ca000 	C:\Program Files\Java\jdk-23\bin\jimage.dll
0x00007ff847250000 - 0x00007ff847492000 	C:\WINDOWS\SYSTEM32\DBGHELP.DLL
0x00007ff84a960000 - 0x00007ff84ace3000 	C:\WINDOWS\System32\combase.dll
0x00007ff84b7e0000 - 0x00007ff84b8b9000 	C:\WINDOWS\System32\OLEAUT32.dll
0x00007ff830760000 - 0x00007ff83079b000 	C:\WINDOWS\SYSTEM32\dbgcore.DLL
0x00007ff849670000 - 0x00007ff849718000 	C:\WINDOWS\System32\bcryptPrimitives.dll
0x00007ff803c80000 - 0x00007ff803c8f000 	C:\Program Files\Java\jdk-23\bin\instrument.dll
0x00007ff8128c0000 - 0x00007ff8128de000 	C:\Program Files\Java\jdk-23\bin\java.dll
0x00007ff84c250000 - 0x00007ff84c3e7000 	C:\WINDOWS\System32\ole32.dll
0x00007ff84b8d0000 - 0x00007ff84c03e000 	C:\WINDOWS\System32\SHELL32.dll

dbghelp: loaded successfully - version: 4.0.5 - missing functions: none
symbol engine: initialized successfully - sym options: 0x614 - pdb path: .;C:\Program Files\Java\jdk-23\bin;C:\WINDOWS\SYSTEM32;C:\WINDOWS\WinSxS\amd64_microsoft.windows.common-controls_6595b64144ccf1df_6.0.26100.8328_none_3e08182ce334b678;C:\Program Files\Java\jdk-23\bin\server

VM Arguments:
jvm_args: --add-modules=ALL-SYSTEM --add-opens=java.base/java.util=ALL-UNNAMED --add-opens=java.base/java.lang=ALL-UNNAMED --add-opens=java.base/sun.nio.fs=ALL-UNNAMED -Declipse.application=org.eclipse.jdt.ls.core.id1 -Dosgi.bundles.defaultStartLevel=4 -Declipse.product=org.eclipse.jdt.ls.core.product -Djava.import.generatesMetadataFilesAtProjectRoot=false -DDetectVMInstallationsJob.disabled=true -Dfile.encoding=utf8 -XX:+UseParallelGC -XX:GCTimeRatio=4 -XX:AdaptiveSizePolicyWeight=90 -Dsun.zip.disableMemoryMapping=true -Xmx2G -Xms100m -Xlog:disable -javaagent:c:\Users\Nicoj\.windsurf\extensions\redhat.java-1.54.0-win32-x64\lombok\lombok-1.18.39-4050.jar -XX:+HeapDumpOnOutOfMemoryError -XX:HeapDumpPath=c:\Users\Nicoj\AppData\Roaming\Windsurf\User\workspaceStorage\2d293b82bb6b51ac904ff350dfcbc79c\redhat.java -Daether.dependencyCollector.impl=bf 
java_command: c:\Users\Nicoj\.windsurf\extensions\redhat.java-1.54.0-win32-x64\server\plugins\org.eclipse.equinox.launcher_1.7.100.v20251111-0406.jar -configuration c:\Users\Nicoj\AppData\Roaming\Windsurf\User\globalStorage\redhat.java\1.54.0\config_win -data c:\Users\Nicoj\AppData\Roaming\Windsurf\User\workspaceStorage\2d293b82bb6b51ac904ff350dfcbc79c\redhat.java\jdt_ws --pipe=\\.\pipe\lsp-d0f9df9c3f00cb259189f1f19e359d2a-sock
java_class_path (initial): c:\Users\Nicoj\.windsurf\extensions\redhat.java-1.54.0-win32-x64\server\plugins\org.eclipse.equinox.launcher_1.7.100.v20251111-0406.jar
Launcher Type: SUN_STANDARD

[Global flags]
     uint AdaptiveSizePolicyWeight                 = 90                                        {product} {command line}
     intx CICompilerCount                          = 12                                        {product} {ergonomic}
     uint GCTimeRatio                              = 4                                         {product} {command line}
     bool HeapDumpOnOutOfMemoryError               = true                                   {manageable} {command line}
    ccstr HeapDumpPath                             = c:\Users\Nicoj\AppData\Roaming\Windsurf\User\workspaceStorage\2d293b82bb6b51ac904ff350dfcbc79c\redhat.java         {manageable} {command line}
   size_t InitialHeapSize                          = 104857600                                 {product} {command line}
   size_t MaxHeapSize                              = 2147483648                                {product} {command line}
   size_t MaxNewSize                               = 715653120                                 {product} {ergonomic}
   size_t MinHeapDeltaBytes                        = 524288                                    {product} {ergonomic}
   size_t MinHeapSize                              = 104857600                                 {product} {command line}
   size_t NewSize                                  = 34603008                                  {product} {ergonomic}
    uintx NonNMethodCodeHeapSize                   = 7602176                                {pd product} {ergonomic}
    uintx NonProfiledCodeHeapSize                  = 122093568                              {pd product} {ergonomic}
   size_t OldSize                                  = 70254592                                  {product} {ergonomic}
    uintx ProfiledCodeHeapSize                     = 121962496                              {pd product} {ergonomic}
    uintx ReservedCodeCacheSize                    = 251658240                              {pd product} {ergonomic}
     bool SegmentedCodeCache                       = true                                      {product} {ergonomic}
   size_t SoftMaxHeapSize                          = 2147483648                             {manageable} {ergonomic}
     bool UseCompressedOops                        = true                           {product lp64_product} {ergonomic}
     bool UseLargePagesIndividualAllocation        = false                                  {pd product} {ergonomic}
     bool UseParallelGC                            = true                                      {product} {command line}

Logging:
Log output configuration:
 #0: stdout all=off uptime,level,tags foldmultilines=false
 #1: stderr all=off uptime,level,tags foldmultilines=false

Environment Variables:
PATH=C:\Users\Nicoj\AppData\Local\Programs\Windsurf;C:\Python313\Scripts\;C:\Python313\;C:\Program Files\Common Files\Oracle\Java\javapath;C:\Program Files (x86)\Common Files\Oracle\Java\java8path;C:\Program Files (x86)\Common Files\Oracle\Java\javapath;C:\Program Files (x86)\NVIDIA Corporation\PhysX\Common;C:\Program Files\NVIDIA Corporation\NVIDIA NvDLISR;C:\WINDOWS\system32;C:\WINDOWS;C:\WINDOWS\System32\Wbem;C:\WINDOWS\System32\WindowsPowerShell\v1.0\;C:\WINDOWS\System32\OpenSSH\;C:\Program Files\nodejs\;C:\ProgramData\chocolatey\bin;C:\Program Files\Git\cmd;C:\Users\Nicoj\AppData\Local\Microsoft\WindowsApps;C:\Users\Nicoj\AppData\Local\Programs\Microsoft VS Code\bin;C:\Users\Nicoj\AppData\Local\Programs\Windsurf\bin;C:\Users\Nicoj\AppData\Roaming\npm;C:\Users\Nicoj\AppData\Local\GitHubDesktop\bin;C:\flutter\bin;C:\flutter\bin
USERNAME=Nicoj
OS=Windows_NT
PROCESSOR_IDENTIFIER=Intel64 Family 6 Model 154 Stepping 3, GenuineIntel
TMP=C:\Users\Nicoj\AppData\Local\Temp
TEMP=C:\Users\Nicoj\AppData\Local\Temp




Periodic native trim disabled

---------------  S Y S T E M  ---------------

OS:
 Windows 11 , 64 bit Build 26100 (10.0.26100.8328)
OS uptime: 0 days 4:02 hours
Hyper-V role detected

CPU: total 16 (initial active 16) (8 cores per cpu, 2 threads per core) family 6 model 154 stepping 3 microcode 0x423, cx8, cmov, fxsr, ht, mmx, 3dnowpref, sse, sse2, sse3, ssse3, sse4.1, sse4.2, popcnt, lzcnt, tsc, tscinvbit, avx, avx2, aes, erms, clmul, bmi1, bmi2, adx, sha, fma, vzeroupper, clflush, clflushopt, clwb, hv, serialize, rdtscp, rdpid, fsrm, gfni, f16c, cet_ibt, cet_ss
Processor Information for processor 0
  Max Mhz: 3100, Current Mhz: 3100, Mhz Limit: 3100
Processor Information for processor 1
  Max Mhz: 3100, Current Mhz: 3100, Mhz Limit: 3100
Processor Information for processor 2
  Max Mhz: 3100, Current Mhz: 3100, Mhz Limit: 3100
Processor Information for processor 3
  Max Mhz: 3100, Current Mhz: 3100, Mhz Limit: 3100
Processor Information for processor 4
  Max Mhz: 3100, Current Mhz: 3100, Mhz Limit: 3100
Processor Information for processor 5
  Max Mhz: 3100, Current Mhz: 3100, Mhz Limit: 3100
Processor Information for processor 6
  Max Mhz: 3100, Current Mhz: 3100, Mhz Limit: 3100
Processor Information for processor 7
  Max Mhz: 3100, Current Mhz: 3100, Mhz Limit: 3100
Processor Information for processor 8
  Max Mhz: 3100, Current Mhz: 2232, Mhz Limit: 2232
Processor Information for processor 9
  Max Mhz: 3100, Current Mhz: 2232, Mhz Limit: 2232
Processor Information for processor 10
  Max Mhz: 3100, Current Mhz: 2232, Mhz Limit: 2232
Processor Information for processor 11
  Max Mhz: 3100, Current Mhz: 2232, Mhz Limit: 2232
Processor Information for processor 12
  Max Mhz: 3100, Current Mhz: 2232, Mhz Limit: 2232
Processor Information for processor 13
  Max Mhz: 3100, Current Mhz: 2232, Mhz Limit: 2232
Processor Information for processor 14
  Max Mhz: 3100, Current Mhz: 2232, Mhz Limit: 2232
Processor Information for processor 15
  Max Mhz: 3100, Current Mhz: 2232, Mhz Limit: 2232

Memory: 4k page, system-wide physical 7896M (341M free)
TotalPageFile size 24280M (AvailPageFile size 12M)
current process WorkingSet (physical memory assigned to process): 28M, peak: 28M
current process commit charge ("private bytes"): 169M, peak: 170M

vm_info: Java HotSpot(TM) 64-Bit Server VM (23.0.1+11-39) for windows-amd64 JRE (23.0.1+11-39), built on 2024-09-30T07:20:43Z with MS VC++ 17.6 (VS2022)

END.
