#
# There is insufficient memory for the Java Runtime Environment to continue.
# Native memory allocation (malloc) failed to allocate 1521136 bytes. Error detail: Chunk::new
# Possible reasons:
#   The system is out of physical RAM or swap space
#   This process is running with CompressedOops enabled, and the Java Heap may be blocking the growth of the native heap
# Possible solutions:
#   Reduce memory load on the system
#   Increase physical memory or swap space
#   Check if swap backing store is full
#   Decrease Java heap size (-Xmx/-Xms)
#   Decrease number of Java threads
#   Decrease Java thread stack sizes (-Xss)
#   Set larger code cache with -XX:ReservedCodeCacheSize=
#   JVM is running with Unscaled Compressed Oops mode in which the Java heap is
#     placed in the first 4GB address space. The Java Heap base address is the
#     maximum limit for the native heap growth. Please use -XX:HeapBaseMinAddress
#     to set the Java Heap base and to place the Java Heap above 4GB virtual address.
# This output file may be truncated or incomplete.
#
#  Out of Memory Error (arena.cpp:149), pid=23772, tid=11536
#
# JRE version: Java(TM) SE Runtime Environment (23.0.1+11) (build 23.0.1+11-39)
# Java VM: Java HotSpot(TM) 64-Bit Server VM (23.0.1+11-39, mixed mode, sharing, tiered, compressed oops, compressed class ptrs, parallel gc, windows-amd64)
# No core dump will be written. Minidumps are not enabled by default on client versions of Windows
#

---------------  S U M M A R Y ------------

Command Line: --add-modules=ALL-SYSTEM --add-opens=java.base/java.util=ALL-UNNAMED --add-opens=java.base/java.lang=ALL-UNNAMED --add-opens=java.base/sun.nio.fs=ALL-UNNAMED -Declipse.application=org.eclipse.jdt.ls.core.id1 -Dosgi.bundles.defaultStartLevel=4 -Declipse.product=org.eclipse.jdt.ls.core.product -Djava.import.generatesMetadataFilesAtProjectRoot=false -DDetectVMInstallationsJob.disabled=true -Dfile.encoding=utf8 -XX:+UseParallelGC -XX:GCTimeRatio=4 -XX:AdaptiveSizePolicyWeight=90 -Dsun.zip.disableMemoryMapping=true -Xmx2G -Xms100m -Xlog:disable -javaagent:c:\Users\Nicoj\.windsurf\extensions\redhat.java-1.54.0-win32-x64\lombok\lombok-1.18.39-4050.jar c:\Users\Nicoj\.windsurf\extensions\redhat.java-1.54.0-win32-x64\server\plugins\org.eclipse.equinox.launcher_1.7.100.v20251111-0406.jar -configuration c:\Users\Nicoj\AppData\Roaming\Windsurf\User\globalStorage\redhat.java\1.54.0\config_ss_win -data c:\Users\Nicoj\AppData\Roaming\Windsurf\User\workspaceStorage\2d293b82bb6b51ac904ff350dfcbc79c\redhat.java\ss_ws --pipe=\\.\pipe\lsp-4b843ee4ba98fae4642aabf9cf159155-sock

Host: 12th Gen Intel(R) Core(TM) i5-12500H, 16 cores, 7G,  Windows 11 , 64 bit Build 26100 (10.0.26100.8328)
Time: Fri May  8 22:33:25 2026 Malay Peninsula Standard Time elapsed time: 18.583217 seconds (0d 0h 0m 18s)

---------------  T H R E A D  ---------------

Current thread (0x0000028b4ace5fd0):  JavaThread "C2 CompilerThread1" daemon [_thread_in_native, id=11536, stack(0x0000008c20c00000,0x0000008c20d00000) (1024K)]


Current CompileTask:
C2:18583 3077       4       org.lombokweb.asm.ClassReader::readMethod (1070 bytes)

Stack: [0x0000008c20c00000,0x0000008c20d00000]
Native frames: (J=compiled Java code, j=interpreted, Vv=VM code, C=native code)
V  [jvm.dll+0x6e08b9]  (no source info available)
V  [jvm.dll+0x87dc83]  (no source info available)
V  [jvm.dll+0x88010e]  (no source info available)
V  [jvm.dll+0x8807e3]  (no source info available)
V  [jvm.dll+0x27aee6]  (no source info available)
V  [jvm.dll+0xbc06f]  (no source info available)
V  [jvm.dll+0xbc2cb]  (no source info available)
V  [jvm.dll+0x3b3a62]  (no source info available)
V  [jvm.dll+0x1dc19c]  (no source info available)
V  [jvm.dll+0x244be5]  (no source info available)
V  [jvm.dll+0x243dff]  (no source info available)
V  [jvm.dll+0x1c33a0]  (no source info available)
V  [jvm.dll+0x253cf1]  (no source info available)
V  [jvm.dll+0x251faa]  (no source info available)
V  [jvm.dll+0x3ee036]  (no source info available)
V  [jvm.dll+0x824f8b]  (no source info available)
V  [jvm.dll+0x6df065]  (no source info available)
C  [ucrtbase.dll+0x37b0]  (no source info available)
C  [KERNEL32.DLL+0x2e957]  (no source info available)
C  [ntdll.dll+0x427c]  (no source info available)

Lock stack of current Java thread (top to bottom):


---------------  P R O C E S S  ---------------

Threads class SMR info:
_java_thread_list=0x0000028b4be50860, length=24, elements={
0x0000028b664ffc90, 0x0000028b431fcc10, 0x0000028b448b7380, 0x0000028b448bb580,
0x0000028b448bbfe0, 0x0000028b448bd760, 0x0000028b448be960, 0x0000028b448d4c90,
0x0000028b448deb50, 0x0000028b449c6c90, 0x0000028b44b79620, 0x0000028b4a6543f0,
0x0000028b4a7fe690, 0x0000028b4a6a0130, 0x0000028b4a9e7050, 0x0000028b4ab5c330,
0x0000028b4ace5fd0, 0x0000028b4ace66a0, 0x0000028b4ace3020, 0x0000028b4ace3dc0,
0x0000028b4c192260, 0x0000028b4beb5d20, 0x0000028b4b23a160, 0x0000028b4b239ad0
}

Java Threads: ( => current thread )
  0x0000028b664ffc90 JavaThread "main"                              [_thread_blocked, id=14740, stack(0x0000008c1ff00000,0x0000008c20000000) (1024K)]
  0x0000028b431fcc10 JavaThread "Reference Handler"          daemon [_thread_blocked, id=23940, stack(0x0000008c20300000,0x0000008c20400000) (1024K)]
  0x0000028b448b7380 JavaThread "Finalizer"                  daemon [_thread_blocked, id=1480, stack(0x0000008c20400000,0x0000008c20500000) (1024K)]
  0x0000028b448bb580 JavaThread "Signal Dispatcher"          daemon [_thread_blocked, id=14440, stack(0x0000008c20500000,0x0000008c20600000) (1024K)]
  0x0000028b448bbfe0 JavaThread "Attach Listener"            daemon [_thread_blocked, id=1416, stack(0x0000008c20600000,0x0000008c20700000) (1024K)]
  0x0000028b448bd760 JavaThread "Service Thread"             daemon [_thread_blocked, id=4556, stack(0x0000008c20700000,0x0000008c20800000) (1024K)]
  0x0000028b448be960 JavaThread "Monitor Deflation Thread"   daemon [_thread_blocked, id=22276, stack(0x0000008c20800000,0x0000008c20900000) (1024K)]
  0x0000028b448d4c90 JavaThread "C2 CompilerThread0"         daemon [_thread_in_native, id=17744, stack(0x0000008c20900000,0x0000008c20a00000) (1024K)]
  0x0000028b448deb50 JavaThread "C1 CompilerThread0"         daemon [_thread_blocked, id=17248, stack(0x0000008c20a00000,0x0000008c20b00000) (1024K)]
  0x0000028b449c6c90 JavaThread "Common-Cleaner"             daemon [_thread_blocked, id=24252, stack(0x0000008c20b00000,0x0000008c20c00000) (1024K)]
  0x0000028b44b79620 JavaThread "Notification Thread"        daemon [_thread_blocked, id=24152, stack(0x0000008c20d00000,0x0000008c20e00000) (1024K)]
  0x0000028b4a6543f0 JavaThread "Active Thread: Equinox Container: ea425a69-12a8-4ce8-a394-6d4aa2162890"        [_thread_blocked, id=14768, stack(0x0000008c21500000,0x0000008c21600000) (1024K)]
  0x0000028b4a7fe690 JavaThread "Framework Event Dispatcher: Equinox Container: ea425a69-12a8-4ce8-a394-6d4aa2162890" daemon [_thread_blocked, id=23796, stack(0x0000008c21800000,0x0000008c21900000) (1024K)]
  0x0000028b4a6a0130 JavaThread "Start Level: Equinox Container: ea425a69-12a8-4ce8-a394-6d4aa2162890" daemon [_thread_in_vm, id=15432, stack(0x0000008c21900000,0x0000008c21a00000) (1024K)]
  0x0000028b4a9e7050 JavaThread "SCR Component Actor"        daemon [_thread_blocked, id=14824, stack(0x0000008c21a00000,0x0000008c21b00000) (1024K)]
  0x0000028b4ab5c330 JavaThread "Worker-JM"                         [_thread_blocked, id=24348, stack(0x0000008c21b00000,0x0000008c21c00000) (1024K)]
=>0x0000028b4ace5fd0 JavaThread "C2 CompilerThread1"         daemon [_thread_in_native, id=11536, stack(0x0000008c20c00000,0x0000008c20d00000) (1024K)]
  0x0000028b4ace66a0 JavaThread "C1 CompilerThread1"         daemon [_thread_blocked, id=24248, stack(0x0000008c22000000,0x0000008c22100000) (1024K)]
  0x0000028b4ace3020 JavaThread "C1 CompilerThread2"         daemon [_thread_blocked, id=23812, stack(0x0000008c22100000,0x0000008c22200000) (1024K)]
  0x0000028b4ace3dc0 JavaThread "C1 CompilerThread3"         daemon [_thread_blocked, id=24376, stack(0x0000008c22200000,0x0000008c22300000) (1024K)]
  0x0000028b4c192260 JavaThread "JNA Cleaner"                daemon [_thread_blocked, id=18092, stack(0x0000008c22300000,0x0000008c22400000) (1024K)]
  0x0000028b4beb5d20 JavaThread "Worker-0"                          [_thread_blocked, id=23868, stack(0x0000008c22400000,0x0000008c22500000) (1024K)]
  0x0000028b4b23a160 JavaThread "Worker-1"                          [_thread_blocked, id=17388, stack(0x0000008c22500000,0x0000008c22600000) (1024K)]
  0x0000028b4b239ad0 JavaThread "Worker-2"                          [_thread_blocked, id=22172, stack(0x0000008c22600000,0x0000008c22700000) (1024K)]
Total: 24

Other Threads:
  0x0000028b448b3540 VMThread "VM Thread"                           [id=3340, stack(0x0000008c20200000,0x0000008c20300000) (1024K)]
  0x0000028b430dca00 WatcherThread "VM Periodic Task Thread"        [id=6380, stack(0x0000008c20100000,0x0000008c20200000) (1024K)]
  0x0000028b6651d300 WorkerThread "GC Thread#0"                     [id=4320, stack(0x0000008c20000000,0x0000008c20100000) (1024K)]
  0x0000028b4a2d9030 WorkerThread "GC Thread#1"                     [id=22736, stack(0x0000008c20f00000,0x0000008c21000000) (1024K)]
  0x0000028b4a2c8360 WorkerThread "GC Thread#2"                     [id=24280, stack(0x0000008c21000000,0x0000008c21100000) (1024K)]
  0x0000028b4a2c8710 WorkerThread "GC Thread#3"                     [id=8944, stack(0x0000008c21100000,0x0000008c21200000) (1024K)]
  0x0000028b4a38cd00 WorkerThread "GC Thread#4"                     [id=21200, stack(0x0000008c21200000,0x0000008c21300000) (1024K)]
  0x0000028b4a38d0b0 WorkerThread "GC Thread#5"                     [id=1920, stack(0x0000008c21300000,0x0000008c21400000) (1024K)]
  0x0000028b4a38de80 WorkerThread "GC Thread#6"                     [id=23948, stack(0x0000008c21400000,0x0000008c21500000) (1024K)]
  0x0000028b4a5ae560 WorkerThread "GC Thread#7"                     [id=14508, stack(0x0000008c21600000,0x0000008c21700000) (1024K)]
  0x0000028b4a5af230 WorkerThread "GC Thread#8"                     [id=792, stack(0x0000008c21700000,0x0000008c21800000) (1024K)]
  0x0000028b4aaaed50 WorkerThread "GC Thread#9"                     [id=24232, stack(0x0000008c21c00000,0x0000008c21d00000) (1024K)]
  0x0000028b4aaad380 WorkerThread "GC Thread#10"                    [id=9760, stack(0x0000008c21d00000,0x0000008c21e00000) (1024K)]
  0x0000028b4aaadae0 WorkerThread "GC Thread#11"                    [id=16740, stack(0x0000008c21e00000,0x0000008c21f00000) (1024K)]
  0x0000028b4aaade90 WorkerThread "GC Thread#12"                    [id=3512, stack(0x0000008c21f00000,0x0000008c22000000) (1024K)]
Total: 15

Threads with active compile tasks:
C2 CompilerThread0  18698 3183   !   4       java.util.concurrent.ConcurrentHashMap::transfer (849 bytes)
C2 CompilerThread1  18698 3077       4       org.lombokweb.asm.ClassReader::readMethod (1070 bytes)
Total: 2

VM state: not at safepoint (normal execution)

VM Mutex/Monitor currently owned by a thread: None

Heap address: 0x0000000080000000, size: 2048 MB, Compressed Oops mode: 32-bit

CDS archive(s) mapped at: [0x0000028b02000000-0x0000028b02d70000-0x0000028b02d70000), size 14090240, SharedBaseAddress: 0x0000028b02000000, ArchiveRelocationMode: 1.
Compressed class space mapped at: 0x0000028b03000000-0x0000028b43000000, reserved size: 1073741824
Narrow klass base: 0x0000028b02000000, Narrow klass shift: 0, Narrow klass range: 0x41000000

GC Precious Log:
 CardTable entry size: 512
 CPUs: 16 total, 16 available
 Memory: 7896M
 Large Page Support: Disabled
 NUMA Support: Disabled
 Compressed Oops: Enabled (32-bit)
 Alignments: Space 512K, Generation 512K, Heap 2M
 Heap Min Capacity: 100M
 Heap Initial Capacity: 100M
 Heap Max Capacity: 2G
 Pre-touch: Disabled
 Parallel Workers: 13

Heap:
 PSYoungGen      total 30720K, used 5288K [0x00000000d5580000, 0x00000000d7a00000, 0x0000000100000000)
  eden space 28160K, 11% used [0x00000000d5580000,0x00000000d58a8108,0x00000000d7100000)
  from space 2560K, 80% used [0x00000000d7780000,0x00000000d79822b0,0x00000000d7a00000)
  to   space 4608K, 0% used [0x00000000d7100000,0x00000000d7100000,0x00000000d7580000)
 ParOldGen       total 68608K, used 18796K [0x0000000080000000, 0x0000000084300000, 0x00000000d5580000)
  object space 68608K, 27% used [0x0000000080000000,0x000000008125b1f0,0x0000000084300000)
 Metaspace       used 22818K, committed 23488K, reserved 1114112K
  class space    used 2233K, committed 2496K, reserved 1048576K

Card table byte_map: [0x0000028b7f870000,0x0000028b7fc70000] _byte_map_base: 0x0000028b7f470000

Marking Bits: (ParMarkBitMap*) 0x00007fff9a6c8760
 Begin Bits: [0x0000028b00000000, 0x0000028b02000000)

Polling page: 0x0000028b665d0000

Metaspace:

Usage:
  Non-class:     20.10 MB used.
      Class:      2.18 MB used.
       Both:     22.28 MB used.

Virtual space:
  Non-class space:       64.00 MB reserved,      20.50 MB ( 32%) committed,  1 nodes.
      Class space:        1.00 GB reserved,       2.44 MB ( <1%) committed,  1 nodes.
             Both:        1.06 GB reserved,      22.94 MB (  2%) committed. 

Chunk freelists:
   Non-Class:  11.53 MB
       Class:  13.59 MB
        Both:  25.12 MB

MaxMetaspaceSize: unlimited
CompressedClassSpaceSize: 1.00 GB
Initial GC threshold: 21.00 MB
Current GC threshold: 35.00 MB
CDS: on
 - commit_granule_bytes: 65536.
 - commit_granule_words: 8192.
 - virtual_space_node_default_size: 8388608.
 - enlarge_chunks_in_place: 1.
 - use_allocation_guard: 0.


Internal statistics:

num_allocs_failed_limit: 3.
num_arena_births: 510.
num_arena_deaths: 14.
num_vsnodes_births: 2.
num_vsnodes_deaths: 0.
num_space_committed: 367.
num_space_uncommitted: 0.
num_chunks_returned_to_freelist: 17.
num_chunks_taken_from_freelist: 1338.
num_chunk_merges: 7.
num_chunk_splits: 865.
num_chunks_enlarged: 578.
num_inconsistent_stats: 0.

CodeHeap 'non-profiled nmethods': size=119232Kb used=1145Kb max_used=1145Kb free=118086Kb
 bounds [0x0000028b78210000, 0x0000028b78480000, 0x0000028b7f680000]
CodeHeap 'profiled nmethods': size=119104Kb used=4742Kb max_used=4742Kb free=114361Kb
 bounds [0x0000028b70680000, 0x0000028b70b30000, 0x0000028b77ad0000]
CodeHeap 'non-nmethods': size=7424Kb used=3016Kb max_used=3033Kb free=4408Kb
 bounds [0x0000028b77ad0000, 0x0000028b77dd0000, 0x0000028b78210000]
CodeCache: size=245760Kb, used=8903Kb, max_used=8920Kb, free=236855Kb
 total_blobs=3812, nmethods=3194, adapters=522, full_count=0
Compilation: enabled, stopped_count=0, restarted_count=0

Compilation events (20 events):
Event: 17.507 Thread 0x0000028b448d4c90 nmethod 3142 0x0000028b78327888 code [0x0000028b78327980, 0x0000028b78327a60]
Event: 17.516 Thread 0x0000028b448d4c90 3143       4       jdk.internal.module.SystemModuleFinders$SystemModuleReader::find (59 bytes)
Event: 17.528 Thread 0x0000028b4ace66a0 3145       3       java.net.URL::toString (5 bytes)
Event: 17.529 Thread 0x0000028b4ace66a0 nmethod 3145 0x0000028b70b0a008 code [0x0000028b70b0a140, 0x0000028b70b0a380]
Event: 17.552 Thread 0x0000028b448d4c90 nmethod 3143 0x0000028b78327b88 code [0x0000028b78327d80, 0x0000028b78328f30]
Event: 17.552 Thread 0x0000028b448d4c90 3144       4       jdk.internal.module.SystemModuleFinders$SystemModuleReader::containsImageLocation (42 bytes)
Event: 17.569 Thread 0x0000028b448d4c90 nmethod 3144 0x0000028b78329108 code [0x0000028b783292e0, 0x0000028b78329e28]
Event: 17.572 Thread 0x0000028b448d4c90 3146       4       java.util.Optional::orElse (16 bytes)
Event: 17.573 Thread 0x0000028b448d4c90 nmethod 3146 0x0000028b78329f88 code [0x0000028b7832a080, 0x0000028b7832a108]
Event: 17.577 Thread 0x0000028b4ace66a0 3147       1       lombok.patcher.scripts.WrapReturnValuesScript::access$1 (5 bytes)
Event: 17.577 Thread 0x0000028b448deb50 3148       3       org.lombokweb.asm.MethodVisitor::visitFrame (22 bytes)
Event: 17.577 Thread 0x0000028b4ace66a0 nmethod 3147 0x0000028b7832a288 code [0x0000028b7832a3a0, 0x0000028b7832a450]
Event: 17.577 Thread 0x0000028b448deb50 nmethod 3148 0x0000028b70b0a408 code [0x0000028b70b0a540, 0x0000028b70b0a740]
Event: 17.577 Thread 0x0000028b4ace3dc0 3149       3       lombok.patcher.scripts.WrapReturnValuesScript$WrapReturnValues::visitInsn (283 bytes)
Event: 17.578 Thread 0x0000028b4ace66a0 3150       3       org.lombokweb.asm.ClassReader::readLong (29 bytes)
Event: 17.578 Thread 0x0000028b4ace66a0 nmethod 3150 0x0000028b70b0a788 code [0x0000028b70b0a8c0, 0x0000028b70b0aa88]
Event: 17.579 Thread 0x0000028b4ace3020 3151       1       lombok.patcher.scripts.ReplaceMethodCallScript::access$0 (5 bytes)
Event: 17.579 Thread 0x0000028b4ace3020 nmethod 3151 0x0000028b7832a588 code [0x0000028b7832a6a0, 0x0000028b7832a750]
Event: 17.579 Thread 0x0000028b448d4c90 3152       4       java.util.ArrayList::grow (60 bytes)
Event: 17.579 Thread 0x0000028b4ace3020 3153       3       org.lombokweb.asm.MethodWriter::visitLocalVariable (222 bytes)

GC Heap History (12 events):
Event: 5.136 GC heap before
{Heap before GC invocations=1 (full 0):
 PSYoungGen      total 29696K, used 25600K [0x00000000d5580000, 0x00000000d7680000, 0x0000000100000000)
  eden space 25600K, 100% used [0x00000000d5580000,0x00000000d6e80000,0x00000000d6e80000)
  from space 4096K, 0% used [0x00000000d7280000,0x00000000d7280000,0x00000000d7680000)
  to   space 4096K, 0% used [0x00000000d6e80000,0x00000000d6e80000,0x00000000d7280000)
 ParOldGen       total 68608K, used 0K [0x0000000080000000, 0x0000000084300000, 0x00000000d5580000)
  object space 68608K, 0% used [0x0000000080000000,0x0000000080000000,0x0000000084300000)
 Metaspace       used 4488K, committed 4672K, reserved 1114112K
  class space    used 501K, committed 576K, reserved 1048576K
}
Event: 5.148 GC heap after
{Heap after GC invocations=1 (full 0):
 PSYoungGen      total 29696K, used 3305K [0x00000000d5580000, 0x00000000d7680000, 0x0000000100000000)
  eden space 25600K, 0% used [0x00000000d5580000,0x00000000d5580000,0x00000000d6e80000)
  from space 4096K, 80% used [0x00000000d6e80000,0x00000000d71ba6f0,0x00000000d7280000)
  to   space 4096K, 0% used [0x00000000d7280000,0x00000000d7280000,0x00000000d7680000)
 ParOldGen       total 68608K, used 16K [0x0000000080000000, 0x0000000084300000, 0x00000000d5580000)
  object space 68608K, 0% used [0x0000000080000000,0x0000000080004000,0x0000000084300000)
 Metaspace       used 4488K, committed 4672K, reserved 1114112K
  class space    used 501K, committed 576K, reserved 1048576K
}
Event: 6.096 GC heap before
{Heap before GC invocations=2 (full 0):
 PSYoungGen      total 29696K, used 28905K [0x00000000d5580000, 0x00000000d7680000, 0x0000000100000000)
  eden space 25600K, 100% used [0x00000000d5580000,0x00000000d6e80000,0x00000000d6e80000)
  from space 4096K, 80% used [0x00000000d6e80000,0x00000000d71ba6f0,0x00000000d7280000)
  to   space 4096K, 0% used [0x00000000d7280000,0x00000000d7280000,0x00000000d7680000)
 ParOldGen       total 68608K, used 16K [0x0000000080000000, 0x0000000084300000, 0x00000000d5580000)
  object space 68608K, 0% used [0x0000000080000000,0x0000000080004000,0x0000000084300000)
 Metaspace       used 8122K, committed 8448K, reserved 1114112K
  class space    used 856K, committed 1024K, reserved 1048576K
}
Event: 6.105 GC heap after
{Heap after GC invocations=2 (full 0):
 PSYoungGen      total 29696K, used 4075K [0x00000000d5580000, 0x00000000d7680000, 0x0000000100000000)
  eden space 25600K, 0% used [0x00000000d5580000,0x00000000d5580000,0x00000000d6e80000)
  from space 4096K, 99% used [0x00000000d7280000,0x00000000d767ae50,0x00000000d7680000)
  to   space 4096K, 0% used [0x00000000d6e80000,0x00000000d6e80000,0x00000000d7280000)
 ParOldGen       total 68608K, used 1245K [0x0000000080000000, 0x0000000084300000, 0x00000000d5580000)
  object space 68608K, 1% used [0x0000000080000000,0x00000000801376b8,0x0000000084300000)
 Metaspace       used 8122K, committed 8448K, reserved 1114112K
  class space    used 856K, committed 1024K, reserved 1048576K
}
Event: 7.402 GC heap before
{Heap before GC invocations=3 (full 0):
 PSYoungGen      total 29696K, used 29675K [0x00000000d5580000, 0x00000000d7680000, 0x0000000100000000)
  eden space 25600K, 100% used [0x00000000d5580000,0x00000000d6e80000,0x00000000d6e80000)
  from space 4096K, 99% used [0x00000000d7280000,0x00000000d767ae50,0x00000000d7680000)
  to   space 4096K, 0% used [0x00000000d6e80000,0x00000000d6e80000,0x00000000d7280000)
 ParOldGen       total 68608K, used 1245K [0x0000000080000000, 0x0000000084300000, 0x00000000d5580000)
  object space 68608K, 1% used [0x0000000080000000,0x00000000801376b8,0x0000000084300000)
 Metaspace       used 12727K, committed 13184K, reserved 1114112K
  class space    used 1372K, committed 1600K, reserved 1048576K
}
Event: 7.408 GC heap after
{Heap after GC invocations=3 (full 0):
 PSYoungGen      total 29696K, used 4087K [0x00000000d5580000, 0x00000000d7680000, 0x0000000100000000)
  eden space 25600K, 0% used [0x00000000d5580000,0x00000000d5580000,0x00000000d6e80000)
  from space 4096K, 99% used [0x00000000d6e80000,0x00000000d727deb0,0x00000000d7280000)
  to   space 4096K, 0% used [0x00000000d7280000,0x00000000d7280000,0x00000000d7680000)
 ParOldGen       total 68608K, used 2739K [0x0000000080000000, 0x0000000084300000, 0x00000000d5580000)
  object space 68608K, 3% used [0x0000000080000000,0x00000000802acf08,0x0000000084300000)
 Metaspace       used 12727K, committed 13184K, reserved 1114112K
  class space    used 1372K, committed 1600K, reserved 1048576K
}
Event: 9.968 GC heap before
{Heap before GC invocations=4 (full 0):
 PSYoungGen      total 29696K, used 29687K [0x00000000d5580000, 0x00000000d7680000, 0x0000000100000000)
  eden space 25600K, 100% used [0x00000000d5580000,0x00000000d6e80000,0x00000000d6e80000)
  from space 4096K, 99% used [0x00000000d6e80000,0x00000000d727deb0,0x00000000d7280000)
  to   space 4096K, 0% used [0x00000000d7280000,0x00000000d7280000,0x00000000d7680000)
 ParOldGen       total 68608K, used 2739K [0x0000000080000000, 0x0000000084300000, 0x00000000d5580000)
  object space 68608K, 3% used [0x0000000080000000,0x00000000802acf08,0x0000000084300000)
 Metaspace       used 14712K, committed 15232K, reserved 1114112K
  class space    used 1571K, committed 1792K, reserved 1048576K
}
Event: 9.982 GC heap after
{Heap after GC invocations=4 (full 0):
 PSYoungGen      total 29696K, used 4081K [0x00000000d5580000, 0x00000000d7680000, 0x0000000100000000)
  eden space 25600K, 0% used [0x00000000d5580000,0x00000000d5580000,0x00000000d6e80000)
  from space 4096K, 99% used [0x00000000d7280000,0x00000000d767c6d8,0x00000000d7680000)
  to   space 4096K, 0% used [0x00000000d6e80000,0x00000000d6e80000,0x00000000d7280000)
 ParOldGen       total 68608K, used 11431K [0x0000000080000000, 0x0000000084300000, 0x00000000d5580000)
  object space 68608K, 16% used [0x0000000080000000,0x0000000080b29f90,0x0000000084300000)
 Metaspace       used 14712K, committed 15232K, reserved 1114112K
  class space    used 1571K, committed 1792K, reserved 1048576K
}
Event: 16.685 GC heap before
{Heap before GC invocations=5 (full 0):
 PSYoungGen      total 29696K, used 29618K [0x00000000d5580000, 0x00000000d7680000, 0x0000000100000000)
  eden space 25600K, 99% used [0x00000000d5580000,0x00000000d6e70440,0x00000000d6e80000)
  from space 4096K, 99% used [0x00000000d7280000,0x00000000d767c6d8,0x00000000d7680000)
  to   space 4096K, 0% used [0x00000000d6e80000,0x00000000d6e80000,0x00000000d7280000)
 ParOldGen       total 68608K, used 11431K [0x0000000080000000, 0x0000000084300000, 0x00000000d5580000)
  object space 68608K, 16% used [0x0000000080000000,0x0000000080b29f90,0x0000000084300000)
 Metaspace       used 17837K, committed 18432K, reserved 1114112K
  class space    used 1883K, committed 2112K, reserved 1048576K
}
Event: 16.693 GC heap after
{Heap after GC invocations=5 (full 0):
 PSYoungGen      total 29184K, used 4070K [0x00000000d5580000, 0x00000000d8100000, 0x0000000100000000)
  eden space 25088K, 0% used [0x00000000d5580000,0x00000000d5580000,0x00000000d6e00000)
  from space 4096K, 99% used [0x00000000d6e80000,0x00000000d7279880,0x00000000d7280000)
  to   space 9728K, 0% used [0x00000000d7780000,0x00000000d7780000,0x00000000d8100000)
 ParOldGen       total 68608K, used 15330K [0x0000000080000000, 0x0000000084300000, 0x00000000d5580000)
  object space 68608K, 22% used [0x0000000080000000,0x0000000080ef8b58,0x0000000084300000)
 Metaspace       used 17837K, committed 18432K, reserved 1114112K
  class space    used 1883K, committed 2112K, reserved 1048576K
}
Event: 16.976 GC heap before
{Heap before GC invocations=6 (full 1):
 PSYoungGen      total 29184K, used 23798K [0x00000000d5580000, 0x00000000d8100000, 0x0000000100000000)
  eden space 25088K, 78% used [0x00000000d5580000,0x00000000d68c4060,0x00000000d6e00000)
  from space 4096K, 99% used [0x00000000d6e80000,0x00000000d7279880,0x00000000d7280000)
  to   space 9728K, 0% used [0x00000000d7780000,0x00000000d7780000,0x00000000d8100000)
 ParOldGen       total 68608K, used 15330K [0x0000000080000000, 0x0000000084300000, 0x00000000d5580000)
  object space 68608K, 22% used [0x0000000080000000,0x0000000080ef8b58,0x0000000084300000)
 Metaspace       used 20824K, committed 21504K, reserved 1114112K
  class space    used 2089K, committed 2368K, reserved 1048576K
}
Event: 17.001 GC heap after
{Heap after GC invocations=6 (full 1):
 PSYoungGen      total 29184K, used 0K [0x00000000d5580000, 0x00000000d8100000, 0x0000000100000000)
  eden space 25088K, 0% used [0x00000000d5580000,0x00000000d5580000,0x00000000d6e00000)
  from space 4096K, 0% used [0x00000000d6e80000,0x00000000d6e80000,0x00000000d7280000)
  to   space 9728K, 0% used [0x00000000d7780000,0x00000000d7780000,0x00000000d8100000)
 ParOldGen       total 68608K, used 18788K [0x0000000080000000, 0x0000000084300000, 0x00000000d5580000)
  object space 68608K, 27% used [0x0000000080000000,0x00000000812591f0,0x0000000084300000)
 Metaspace       used 20812K, committed 21504K, reserved 1114112K
  class space    used 2086K, committed 2368K, reserved 1048576K
}

Dll operation events (11 events):
Event: 0.040 Loaded shared library C:\Program Files\Java\jdk-23\bin\java.dll
Event: 0.176 Loaded shared library C:\Program Files\Java\jdk-23\bin\jsvml.dll
Event: 0.304 Loaded shared library C:\Program Files\Java\jdk-23\bin\zip.dll
Event: 0.332 Loaded shared library C:\Program Files\Java\jdk-23\bin\instrument.dll
Event: 0.353 Loaded shared library C:\Program Files\Java\jdk-23\bin\net.dll
Event: 0.359 Loaded shared library C:\Program Files\Java\jdk-23\bin\nio.dll
Event: 0.373 Loaded shared library C:\Program Files\Java\jdk-23\bin\zip.dll
Event: 0.461 Loaded shared library C:\Program Files\Java\jdk-23\bin\jimage.dll
Event: 0.818 Loaded shared library C:\Program Files\Java\jdk-23\bin\verify.dll
Event: 6.458 Loaded shared library C:\Users\Nicoj\AppData\Roaming\Windsurf\User\globalStorage\redhat.java\1.54.0\config_ss_win\org.eclipse.equinox.launcher\org.eclipse.equinox.launcher.win32.win32.x86_64_1.3.0.v20260203-2149\eclipse_11919.dll
Event: 16.277 Loaded shared library C:\Users\Nicoj\AppData\Local\Temp\jna-75261379\jna5585363813119917343.dll

Deoptimization events (20 events):
Event: 16.584 Thread 0x0000028b4a6a0130 DEOPT PACKING pc=0x0000028b782d5584 sp=0x0000008c219ef630
Event: 16.584 Thread 0x0000028b4a6a0130 DEOPT UNPACKING pc=0x0000028b77b23b02 sp=0x0000008c219ef5d8 mode 2
Event: 16.662 Thread 0x0000028b4a6a0130 Uncommon trap: trap_request=0xffffff45 fr.pc=0x0000028b7830c55c relative=0x000000000000085c
Event: 16.662 Thread 0x0000028b4a6a0130 Uncommon trap: reason=unstable_if action=reinterpret pc=0x0000028b7830c55c method=org.lombokweb.asm.ClassReader.readUTF8(I[C)Ljava/lang/String; @ 11 c2
Event: 16.662 Thread 0x0000028b4a6a0130 DEOPT PACKING pc=0x0000028b7830c55c sp=0x0000008c219ef850
Event: 16.662 Thread 0x0000028b4a6a0130 DEOPT UNPACKING pc=0x0000028b77b23b02 sp=0x0000008c219ef858 mode 2
Event: 16.973 Thread 0x0000028b4a6a0130 Uncommon trap: trap_request=0xffffff45 fr.pc=0x0000028b7831d7dc relative=0x000000000000013c
Event: 16.973 Thread 0x0000028b4a6a0130 Uncommon trap: reason=unstable_if action=reinterpret pc=0x0000028b7831d7dc method=org.lombokweb.asm.ByteVector.putByteArray([BII)Lorg/lombokweb/asm/ByteVector; @ 20 c2
Event: 16.973 Thread 0x0000028b4a6a0130 DEOPT PACKING pc=0x0000028b7831d7dc sp=0x0000008c219eeca0
Event: 16.973 Thread 0x0000028b4a6a0130 DEOPT UNPACKING pc=0x0000028b77b23b02 sp=0x0000008c219eec70 mode 2
Event: 16.973 Thread 0x0000028b4a6a0130 Uncommon trap: trap_request=0xffffff45 fr.pc=0x0000028b7831c814 relative=0x0000000000000354
Event: 16.973 Thread 0x0000028b4a6a0130 Uncommon trap: reason=unstable_if action=reinterpret pc=0x0000028b7831c814 method=org.lombokweb.asm.Label.resolve([BLorg/lombokweb/asm/ByteVector;I)Z @ 81 c2
Event: 16.973 Thread 0x0000028b4a6a0130 DEOPT PACKING pc=0x0000028b7831c814 sp=0x0000008c219eed30
Event: 16.973 Thread 0x0000028b4a6a0130 DEOPT UNPACKING pc=0x0000028b77b23b02 sp=0x0000008c219eec38 mode 2
Event: 16.974 Thread 0x0000028b4a6a0130 Uncommon trap: trap_request=0xffffff45 fr.pc=0x0000028b7831c2ac relative=0x000000000000020c
Event: 16.974 Thread 0x0000028b4a6a0130 Uncommon trap: reason=unstable_if action=reinterpret pc=0x0000028b7831c2ac method=org.lombokweb.asm.Label.resolve([BLorg/lombokweb/asm/ByteVector;I)Z @ 81 c2
Event: 16.974 Thread 0x0000028b4a6a0130 DEOPT PACKING pc=0x0000028b7831c2ac sp=0x0000008c219eeca0
Event: 16.974 Thread 0x0000028b4a6a0130 DEOPT UNPACKING pc=0x0000028b77b23b02 sp=0x0000008c219eec30 mode 2
Event: 17.170 Thread 0x0000028b4a6a0130 DEOPT PACKING pc=0x0000028b7077807e sp=0x0000008c219f9a70
Event: 17.170 Thread 0x0000028b4a6a0130 DEOPT UNPACKING pc=0x0000028b77b24222 sp=0x0000008c219f8f68 mode 0

Classes loaded (20 events):
Event: 16.575 Loading class java/io/StringReader
Event: 16.575 Loading class java/io/StringReader done
Event: 16.610 Loading class java/net/SocketTimeoutException
Event: 16.610 Loading class java/io/InterruptedIOException
Event: 16.610 Loading class java/io/InterruptedIOException done
Event: 16.610 Loading class java/net/SocketTimeoutException done
Event: 16.610 Loading class java/net/SocketException
Event: 16.611 Loading class java/net/SocketException done
Event: 16.611 Loading class java/net/UnknownHostException
Event: 16.611 Loading class java/net/UnknownHostException done
Event: 16.611 Loading class java/net/ProtocolException
Event: 16.611 Loading class java/net/ProtocolException done
Event: 16.639 Loading class java/lang/ThreadLocal$SuppliedThreadLocal
Event: 16.639 Loading class java/lang/ThreadLocal$SuppliedThreadLocal done
Event: 16.645 Loading class java/io/FileWriter
Event: 16.645 Loading class java/io/FileWriter done
Event: 16.652 Loading class java/lang/NegativeArraySizeException
Event: 16.652 Loading class java/lang/NegativeArraySizeException done
Event: 17.379 Loading class org/w3c/dom/DOMException
Event: 17.380 Loading class org/w3c/dom/DOMException done

Classes unloaded (7 events):
Event: 16.981 Thread 0x0000028b448b3540 Unloading class 0x0000028b031ad800 'java/lang/invoke/LambdaForm$MH+0x0000028b031ad800'
Event: 16.981 Thread 0x0000028b448b3540 Unloading class 0x0000028b031ad400 'java/lang/invoke/LambdaForm$MH+0x0000028b031ad400'
Event: 16.981 Thread 0x0000028b448b3540 Unloading class 0x0000028b031ad000 'java/lang/invoke/LambdaForm$MH+0x0000028b031ad000'
Event: 16.981 Thread 0x0000028b448b3540 Unloading class 0x0000028b031acc00 'java/lang/invoke/LambdaForm$MH+0x0000028b031acc00'
Event: 16.981 Thread 0x0000028b448b3540 Unloading class 0x0000028b031ac800 'java/lang/invoke/LambdaForm$BMH+0x0000028b031ac800'
Event: 16.981 Thread 0x0000028b448b3540 Unloading class 0x0000028b031ac400 'java/lang/invoke/LambdaForm$DMH+0x0000028b031ac400'
Event: 16.981 Thread 0x0000028b448b3540 Unloading class 0x0000028b031aac00 'java/lang/invoke/LambdaForm$DMH+0x0000028b031aac00'

Classes redefined (0 events):
No events

Internal exceptions (20 events):
Event: 16.361 Thread 0x0000028b4a6a0130 Exception <a 'java/lang/NoSuchMethodError'{0x00000000d5f1b238}: 'void java.lang.invoke.Invokers$Holder.invokeExact_MT(java.lang.Object, java.lang.Object, int, java.lang.Object)'> (0x00000000d5f1b238) 
thrown [s\open\src\hotspot\share\interpreter\linkResolver.cpp, line 796]
Event: 16.404 Thread 0x0000028b4a6a0130 Exception <a 'java/lang/NoSuchMethodError'{0x00000000d60161a8}: 'java.lang.Object java.lang.invoke.DirectMethodHandle$Holder.invokeSpecial(java.lang.Object, java.lang.Object, java.lang.Object, long, java.lang.Object)'> (0x00000000d60161a8) 
thrown [s\open\src\hotspot\share\interpreter\linkResolver.cpp, line 796]
Event: 16.405 Thread 0x0000028b4a6a0130 Exception <a 'java/lang/NoSuchMethodError'{0x00000000d601da00}: 'java.lang.Object java.lang.invoke.DirectMethodHandle$Holder.newInvokeSpecial(java.lang.Object, java.lang.Object, java.lang.Object, long)'> (0x00000000d601da00) 
thrown [s\open\src\hotspot\share\interpreter\linkResolver.cpp, line 796]
Event: 16.406 Thread 0x0000028b4a6a0130 Exception <a 'java/lang/NoSuchMethodError'{0x00000000d6021df8}: 'java.lang.Object java.lang.invoke.DirectMethodHandle$Holder.invokeSpecial(java.lang.Object, java.lang.Object, java.lang.Object, java.lang.Object, long)'> (0x00000000d6021df8) 
thrown [s\open\src\hotspot\share\interpreter\linkResolver.cpp, line 796]
Event: 16.406 Thread 0x0000028b4a6a0130 Exception <a 'java/lang/NoSuchMethodError'{0x00000000d6025a20}: 'java.lang.Object java.lang.invoke.Invokers$Holder.linkToTargetMethod(java.lang.Object, java.lang.Object, long, java.lang.Object)'> (0x00000000d6025a20) 
thrown [s\open\src\hotspot\share\interpreter\linkResolver.cpp, line 796]
Event: 16.420 Thread 0x0000028b4a6a0130 Exception <a 'java/lang/NoSuchMethodError'{0x00000000d607e118}: 'int java.lang.invoke.DirectMethodHandle$Holder.invokeStaticInit(java.lang.Object, java.lang.Object, java.lang.Object)'> (0x00000000d607e118) 
thrown [s\open\src\hotspot\share\interpreter\linkResolver.cpp, line 796]
Event: 16.438 Thread 0x0000028b4a6a0130 Exception <a 'java/lang/IncompatibleClassChangeError'{0x00000000d6123920}: Found class java.lang.Object, but interface was expected> (0x00000000d6123920) 
thrown [s\open\src\hotspot\share\interpreter\linkResolver.cpp, line 863]
Event: 16.447 Thread 0x0000028b4a6a0130 Exception <a 'java/lang/NoSuchMethodError'{0x00000000d6136708}: 'java.lang.Object java.lang.invoke.DirectMethodHandle$Holder.invokeSpecial(java.lang.Object, java.lang.Object, java.lang.Object, int, java.lang.Object, java.lang.Object)'> (0x00000000d6136708) 
thrown [s\open\src\hotspot\share\interpreter\linkResolver.cpp, line 796]
Event: 16.449 Thread 0x0000028b4a6a0130 Exception <a 'java/lang/NoSuchMethodError'{0x00000000d613e1f0}: 'java.lang.Object java.lang.invoke.DirectMethodHandle$Holder.newInvokeSpecial(java.lang.Object, java.lang.Object, java.lang.Object, int, java.lang.Object)'> (0x00000000d613e1f0) 
thrown [s\open\src\hotspot\share\interpreter\linkResolver.cpp, line 796]
Event: 16.449 Thread 0x0000028b4a6a0130 Exception <a 'java/lang/NoSuchMethodError'{0x00000000d61421b8}: 'java.lang.Object java.lang.invoke.DirectMethodHandle$Holder.invokeSpecial(java.lang.Object, java.lang.Object, java.lang.Object, java.lang.Object, int, java.lang.Object)'> (0x00000000d61421b8) 
thrown [s\open\src\hotspot\share\interpreter\linkResolver.cpp, line 796]
Event: 16.450 Thread 0x0000028b4a6a0130 Exception <a 'java/lang/NoSuchMethodError'{0x00000000d6145d00}: 'java.lang.Object java.lang.invoke.Invokers$Holder.linkToTargetMethod(java.lang.Object, java.lang.Object, int, java.lang.Object, java.lang.Object)'> (0x00000000d6145d00) 
thrown [s\open\src\hotspot\share\interpreter\linkResolver.cpp, line 796]
Event: 16.451 Thread 0x0000028b4beb5d20 Exception <a 'java/lang/NoSuchMethodError'{0x00000000d608f3e8}: 'java.lang.Object java.lang.invoke.DirectMethodHandle$Holder.invokeSpecial(java.lang.Object, java.lang.Object, int, java.lang.Object, java.lang.Object)'> (0x00000000d608f3e8) 
thrown [s\open\src\hotspot\share\interpreter\linkResolver.cpp, line 796]
Event: 16.453 Thread 0x0000028b4beb5d20 Exception <a 'java/lang/NoSuchMethodError'{0x00000000d6096130}: 'java.lang.Object java.lang.invoke.DirectMethodHandle$Holder.newInvokeSpecial(java.lang.Object, java.lang.Object, int, java.lang.Object)'> (0x00000000d6096130) 
thrown [s\open\src\hotspot\share\interpreter\linkResolver.cpp, line 796]
Event: 16.453 Thread 0x0000028b4beb5d20 Exception <a 'java/lang/NoSuchMethodError'{0x00000000d6099a58}: 'java.lang.Object java.lang.invoke.DirectMethodHandle$Holder.invokeSpecial(java.lang.Object, java.lang.Object, java.lang.Object, int, java.lang.Object)'> (0x00000000d6099a58) 
thrown [s\open\src\hotspot\share\interpreter\linkResolver.cpp, line 796]
Event: 16.487 Thread 0x0000028b4a6a0130 Exception <a 'java/lang/NoSuchMethodError'{0x00000000d627b340}: 'void java.lang.invoke.DirectMethodHandle$Holder.invokeSpecial(java.lang.Object, java.lang.Object, java.lang.Object, java.lang.Object, java.lang.Object)'> (0x00000000d627b340) 
thrown [s\open\src\hotspot\share\interpreter\linkResolver.cpp, line 796]
Event: 16.553 Thread 0x0000028b4a6a0130 Exception <a 'java/lang/NoSuchMethodError'{0x00000000d6490250}: 'double java.lang.invoke.DirectMethodHandle$Holder.invokeStatic(java.lang.Object, java.lang.Object)'> (0x00000000d6490250) 
thrown [s\open\src\hotspot\share\interpreter\linkResolver.cpp, line 796]
Event: 16.554 Thread 0x0000028b4a6a0130 Exception <a 'java/lang/NoSuchMethodError'{0x00000000d6493918}: 'double java.lang.invoke.DirectMethodHandle$Holder.invokeStaticInit(java.lang.Object, java.lang.Object)'> (0x00000000d6493918) 
thrown [s\open\src\hotspot\share\interpreter\linkResolver.cpp, line 796]
Event: 16.973 Thread 0x0000028b4a6a0130 Implicit null exception at 0x0000028b7831d6e5 to 0x0000028b7831d7c0
Event: 17.317 Thread 0x0000028b4a6a0130 Exception <a 'java/io/FileNotFoundException'{0x00000000d6938ee8}> (0x00000000d6938ee8) 
thrown [s\open\src\hotspot\share\prims\jni.cpp, line 520]
Event: 17.319 Thread 0x0000028b4a6a0130 Exception <a 'java/io/FileNotFoundException'{0x00000000d6939ef8}> (0x00000000d6939ef8) 
thrown [s\open\src\hotspot\share\prims\jni.cpp, line 520]

VM Operations (20 events):
Event: 7.402 Executing VM operation: ParallelGCFailedAllocation (Allocation Failure)
Event: 7.408 Executing VM operation: ParallelGCFailedAllocation (Allocation Failure) done
Event: 7.634 Executing VM operation: HandshakeAllThreads (Deoptimize)
Event: 7.634 Executing VM operation: HandshakeAllThreads (Deoptimize) done
Event: 7.639 Executing VM operation: HandshakeAllThreads (Deoptimize)
Event: 7.639 Executing VM operation: HandshakeAllThreads (Deoptimize) done
Event: 7.661 Executing VM operation: HandshakeAllThreads (Deoptimize)
Event: 7.662 Executing VM operation: HandshakeAllThreads (Deoptimize) done
Event: 9.968 Executing VM operation: ParallelGCFailedAllocation (Allocation Failure)
Event: 9.982 Executing VM operation: ParallelGCFailedAllocation (Allocation Failure) done
Event: 16.238 Executing VM operation: HandshakeAllThreads (Deoptimize)
Event: 16.238 Executing VM operation: HandshakeAllThreads (Deoptimize) done
Event: 16.296 Executing VM operation: HandshakeAllThreads (Deoptimize)
Event: 16.296 Executing VM operation: HandshakeAllThreads (Deoptimize) done
Event: 16.325 Executing VM operation: HandshakeAllThreads (Deoptimize)
Event: 16.325 Executing VM operation: HandshakeAllThreads (Deoptimize) done
Event: 16.685 Executing VM operation: ParallelGCFailedAllocation (Allocation Failure)
Event: 16.693 Executing VM operation: ParallelGCFailedAllocation (Allocation Failure) done
Event: 16.976 Executing VM operation: CollectForMetadataAllocation (Metadata GC Threshold)
Event: 17.001 Executing VM operation: CollectForMetadataAllocation (Metadata GC Threshold) done

Memory protections (0 events):
No events

Nmethod flushes (0 events):
No events

Events (20 events):
Event: 6.861 Thread 0x0000028b4a6a0130 Thread added: 0x0000028b4a9e7050
Event: 7.401 Thread 0x0000028b4a6a0130 Thread added: 0x0000028b4ab5c330
Event: 8.678 Thread 0x0000028b44b5f830 Thread exited: 0x0000028b44b5f830
Event: 8.678 Thread 0x0000028b448deb50 Thread added: 0x0000028b4accf7d0
Event: 9.727 Thread 0x0000028b4accf7d0 Thread exited: 0x0000028b4accf7d0
Event: 9.727 Thread 0x0000028b449dc710 Thread exited: 0x0000028b449dc710
Event: 9.843 Thread 0x0000028b448deb50 Thread added: 0x0000028b4ace3dc0
Event: 9.844 Thread 0x0000028b448deb50 Thread added: 0x0000028b4ace5230
Event: 12.199 Thread 0x0000028b4ace5230 Thread exited: 0x0000028b4ace5230
Event: 12.199 Thread 0x0000028b4ace3dc0 Thread exited: 0x0000028b4ace3dc0
Event: 15.043 Thread 0x0000028b448deb50 Thread added: 0x0000028b4ace5fd0
Event: 15.043 Thread 0x0000028b448deb50 Thread added: 0x0000028b4ace5900
Event: 16.249 Thread 0x0000028b448deb50 Thread added: 0x0000028b4ace66a0
Event: 16.249 Thread 0x0000028b448deb50 Thread added: 0x0000028b4ace3020
Event: 16.249 Thread 0x0000028b448deb50 Thread added: 0x0000028b4ace3dc0
Event: 16.340 Thread 0x0000028b4a6a0130 Thread added: 0x0000028b4c192260
Event: 16.410 Thread 0x0000028b4a6a0130 Thread added: 0x0000028b4beb5d20
Event: 16.453 Thread 0x0000028b4a6a0130 Thread added: 0x0000028b4b23a160
Event: 16.629 Thread 0x0000028b4beb5d20 Thread added: 0x0000028b4b239ad0
Event: 16.864 Thread 0x0000028b4ace5900 Thread exited: 0x0000028b4ace5900


Dynamic libraries:
0x00007ff62aa20000 - 0x00007ff62aa30000 	C:\Program Files\Java\jdk-23\bin\java.exe
0x00007ff84c9a0000 - 0x00007ff84cc07000 	C:\WINDOWS\SYSTEM32\ntdll.dll
0x00007ff84a820000 - 0x00007ff84a8e9000 	C:\WINDOWS\System32\KERNEL32.DLL
0x00007ff849930000 - 0x00007ff849d27000 	C:\WINDOWS\System32\KERNELBASE.dll
0x00007ff849720000 - 0x00007ff84986b000 	C:\WINDOWS\System32\ucrtbase.dll
0x00007fffee4e0000 - 0x00007fffee4f7000 	C:\Program Files\Java\jdk-23\bin\jli.dll
0x00007ff8137e0000 - 0x00007ff8137fb000 	C:\Program Files\Java\jdk-23\bin\VCRUNTIME140.dll
0x00007ff84c4c0000 - 0x00007ff84c686000 	C:\WINDOWS\System32\USER32.dll
0x00007ff830da0000 - 0x00007ff831032000 	C:\WINDOWS\WinSxS\amd64_microsoft.windows.common-controls_6595b64144ccf1df_6.0.26100.8328_none_3e08182ce334b678\COMCTL32.dll
0x00007ff8493d0000 - 0x00007ff8493f7000 	C:\WINDOWS\System32\win32u.dll
0x00007ff84c220000 - 0x00007ff84c24b000 	C:\WINDOWS\System32\GDI32.dll
0x00007ff84ad20000 - 0x00007ff84adc9000 	C:\WINDOWS\System32\msvcrt.dll
0x00007ff849490000 - 0x00007ff8495bc000 	C:\WINDOWS\System32\gdi32full.dll
0x00007ff8495c0000 - 0x00007ff849663000 	C:\WINDOWS\System32\msvcp_win.dll
0x00007ff84b7a0000 - 0x00007ff84b7d2000 	C:\WINDOWS\System32\IMM32.DLL
0x00007ff82a180000 - 0x00007ff82a18c000 	C:\Program Files\Java\jdk-23\bin\vcruntime140_1.dll
0x00007fffc23c0000 - 0x00007fffc244e000 	C:\Program Files\Java\jdk-23\bin\msvcp140.dll
0x00007fff99a50000 - 0x00007fff9a79f000 	C:\Program Files\Java\jdk-23\bin\server\jvm.dll
0x00007ff84c3f0000 - 0x00007ff84c4a6000 	C:\WINDOWS\System32\ADVAPI32.dll
0x00007ff84a720000 - 0x00007ff84a7c7000 	C:\WINDOWS\System32\sechost.dll
0x00007ff84c6b0000 - 0x00007ff84c7c8000 	C:\WINDOWS\System32\RPCRT4.dll
0x00007ff84c8d0000 - 0x00007ff84c950000 	C:\WINDOWS\System32\WS2_32.dll
0x00007ff848c30000 - 0x00007ff848c8e000 	C:\WINDOWS\SYSTEM32\POWRPROF.dll
0x00007ff83fb30000 - 0x00007ff83fb3b000 	C:\WINDOWS\SYSTEM32\VERSION.dll
0x00007ff83c990000 - 0x00007ff83c9c6000 	C:\WINDOWS\SYSTEM32\WINMM.dll
0x00007ff848bc0000 - 0x00007ff848bd4000 	C:\WINDOWS\SYSTEM32\UMPDC.dll
0x00007ff848140000 - 0x00007ff84815b000 	C:\WINDOWS\SYSTEM32\kernel.appcore.dll
0x00007ff81d2c0000 - 0x00007ff81d2ca000 	C:\Program Files\Java\jdk-23\bin\jimage.dll
0x00007ff847250000 - 0x00007ff847492000 	C:\WINDOWS\SYSTEM32\DBGHELP.DLL
0x00007ff84a960000 - 0x00007ff84ace3000 	C:\WINDOWS\System32\combase.dll
0x00007ff84b7e0000 - 0x00007ff84b8b9000 	C:\WINDOWS\System32\OLEAUT32.dll
0x00007ff830760000 - 0x00007ff83079b000 	C:\WINDOWS\SYSTEM32\dbgcore.DLL
0x00007ff849670000 - 0x00007ff849718000 	C:\WINDOWS\System32\bcryptPrimitives.dll
0x00007ff803c80000 - 0x00007ff803c8f000 	C:\Program Files\Java\jdk-23\bin\instrument.dll
0x00007ff8128c0000 - 0x00007ff8128de000 	C:\Program Files\Java\jdk-23\bin\java.dll
0x00007ff84c250000 - 0x00007ff84c3e7000 	C:\WINDOWS\System32\ole32.dll
0x00007ff84b8d0000 - 0x00007ff84c03e000 	C:\WINDOWS\System32\SHELL32.dll
0x00007ff849d30000 - 0x00007ff84a59c000 	C:\WINDOWS\System32\windows.storage.dll
0x00007ff84c7d0000 - 0x00007ff84c8c6000 	C:\WINDOWS\System32\SHCORE.dll
0x00007ff84c1b0000 - 0x00007ff84c216000 	C:\WINDOWS\System32\shlwapi.dll
0x00007ff8492f0000 - 0x00007ff849319000 	C:\WINDOWS\SYSTEM32\profapi.dll
0x00007fffd0640000 - 0x00007fffd0717000 	C:\Program Files\Java\jdk-23\bin\jsvml.dll
0x00007ff803470000 - 0x00007ff803487000 	C:\Program Files\Java\jdk-23\bin\zip.dll
0x00007ff819ed0000 - 0x00007ff819ee0000 	C:\Program Files\Java\jdk-23\bin\net.dll
0x00007ff8486d0000 - 0x00007ff84873c000 	C:\WINDOWS\system32\mswsock.dll
0x00007ff803b90000 - 0x00007ff803ba6000 	C:\Program Files\Java\jdk-23\bin\nio.dll
0x00007ff815720000 - 0x00007ff815730000 	C:\Program Files\Java\jdk-23\bin\verify.dll
0x00007ff814d10000 - 0x00007ff814d55000 	C:\Users\Nicoj\AppData\Roaming\Windsurf\User\globalStorage\redhat.java\1.54.0\config_ss_win\org.eclipse.equinox.launcher\org.eclipse.equinox.launcher.win32.win32.x86_64_1.3.0.v20260203-2149\eclipse_11919.dll
0x00007ff848a20000 - 0x00007ff848a3b000 	C:\WINDOWS\SYSTEM32\CRYPTSP.dll
0x00007ff8480a0000 - 0x00007ff8480d9000 	C:\WINDOWS\system32\rsaenh.dll
0x00007ff848780000 - 0x00007ff8487b3000 	C:\WINDOWS\SYSTEM32\USERENV.dll
0x00007ff8492c0000 - 0x00007ff8492ea000 	C:\WINDOWS\SYSTEM32\bcrypt.dll
0x00007ff848a40000 - 0x00007ff848a4c000 	C:\WINDOWS\SYSTEM32\CRYPTBASE.dll
0x00007ff847b20000 - 0x00007ff847b52000 	C:\WINDOWS\SYSTEM32\IPHLPAPI.DLL
0x00007ff84b700000 - 0x00007ff84b70a000 	C:\WINDOWS\System32\NSI.dll
0x00007fffd0bc0000 - 0x00007fffd0c09000 	C:\Users\Nicoj\AppData\Local\Temp\jna-75261379\jna5585363813119917343.dll
0x00007ff84a950000 - 0x00007ff84a958000 	C:\WINDOWS\System32\PSAPI.DLL

dbghelp: loaded successfully - version: 4.0.5 - missing functions: none
symbol engine: initialized successfully - sym options: 0x614 - pdb path: .;C:\Program Files\Java\jdk-23\bin;C:\WINDOWS\SYSTEM32;C:\WINDOWS\WinSxS\amd64_microsoft.windows.common-controls_6595b64144ccf1df_6.0.26100.8328_none_3e08182ce334b678;C:\Program Files\Java\jdk-23\bin\server;C:\Users\Nicoj\AppData\Roaming\Windsurf\User\globalStorage\redhat.java\1.54.0\config_ss_win\org.eclipse.equinox.launcher\org.eclipse.equinox.launcher.win32.win32.x86_64_1.3.0.v20260203-2149;C:\Users\Nicoj\AppData\Local\Temp\jna-75261379

VM Arguments:
jvm_args: --add-modules=ALL-SYSTEM --add-opens=java.base/java.util=ALL-UNNAMED --add-opens=java.base/java.lang=ALL-UNNAMED --add-opens=java.base/sun.nio.fs=ALL-UNNAMED -Declipse.application=org.eclipse.jdt.ls.core.id1 -Dosgi.bundles.defaultStartLevel=4 -Declipse.product=org.eclipse.jdt.ls.core.product -Djava.import.generatesMetadataFilesAtProjectRoot=false -DDetectVMInstallationsJob.disabled=true -Dfile.encoding=utf8 -XX:+UseParallelGC -XX:GCTimeRatio=4 -XX:AdaptiveSizePolicyWeight=90 -Dsun.zip.disableMemoryMapping=true -Xmx2G -Xms100m -Xlog:disable -javaagent:c:\Users\Nicoj\.windsurf\extensions\redhat.java-1.54.0-win32-x64\lombok\lombok-1.18.39-4050.jar 
java_command: c:\Users\Nicoj\.windsurf\extensions\redhat.java-1.54.0-win32-x64\server\plugins\org.eclipse.equinox.launcher_1.7.100.v20251111-0406.jar -configuration c:\Users\Nicoj\AppData\Roaming\Windsurf\User\globalStorage\redhat.java\1.54.0\config_ss_win -data c:\Users\Nicoj\AppData\Roaming\Windsurf\User\workspaceStorage\2d293b82bb6b51ac904ff350dfcbc79c\redhat.java\ss_ws --pipe=\\.\pipe\lsp-4b843ee4ba98fae4642aabf9cf159155-sock
java_class_path (initial): c:\Users\Nicoj\.windsurf\extensions\redhat.java-1.54.0-win32-x64\server\plugins\org.eclipse.equinox.launcher_1.7.100.v20251111-0406.jar
Launcher Type: SUN_STANDARD

[Global flags]
     uint AdaptiveSizePolicyWeight                 = 90                                        {product} {command line}
     intx CICompilerCount                          = 12                                        {product} {ergonomic}
     uint GCTimeRatio                              = 4                                         {product} {command line}
   size_t InitialHeapSize                          = 104857600                                 {product} {command line}
   size_t MaxHeapSize                              = 2147483648                                {product} {command line}
   size_t MaxNewSize                               = 715653120                                 {product} {ergonomic}
   size_t MinHeapDeltaBytes                        = 524288                                    {product} {ergonomic}
   size_t MinHeapSize                              = 104857600                                 {product} {command line}
   size_t NewSize                                  = 34603008                                  {product} {ergonomic}
    uintx NonNMethodCodeHeapSize                   = 7602176                                {pd product} {ergonomic}
    uintx NonProfiledCodeHeapSize                  = 122093568                              {pd product} {ergonomic}
   size_t OldSize                                  = 70254592                                  {product} {ergonomic}
    uintx ProfiledCodeHeapSize                     = 121962496                              {pd product} {ergonomic}
    uintx ReservedCodeCacheSize                    = 251658240                              {pd product} {ergonomic}
     bool SegmentedCodeCache                       = true                                      {product} {ergonomic}
   size_t SoftMaxHeapSize                          = 2147483648                             {manageable} {ergonomic}
     bool UseCompressedOops                        = true                           {product lp64_product} {ergonomic}
     bool UseLargePagesIndividualAllocation        = false                                  {pd product} {ergonomic}
     bool UseParallelGC                            = true                                      {product} {command line}

Logging:
Log output configuration:
 #0: stdout all=off uptime,level,tags foldmultilines=false
 #1: stderr all=off uptime,level,tags foldmultilines=false

Environment Variables:
PATH=C:\Users\Nicoj\AppData\Local\Programs\Windsurf;C:\Python313\Scripts\;C:\Python313\;C:\Program Files\Common Files\Oracle\Java\javapath;C:\Program Files (x86)\Common Files\Oracle\Java\java8path;C:\Program Files (x86)\Common Files\Oracle\Java\javapath;C:\Program Files (x86)\NVIDIA Corporation\PhysX\Common;C:\Program Files\NVIDIA Corporation\NVIDIA NvDLISR;C:\WINDOWS\system32;C:\WINDOWS;C:\WINDOWS\System32\Wbem;C:\WINDOWS\System32\WindowsPowerShell\v1.0\;C:\WINDOWS\System32\OpenSSH\;C:\Program Files\nodejs\;C:\ProgramData\chocolatey\bin;C:\Program Files\Git\cmd;C:\Users\Nicoj\AppData\Local\Microsoft\WindowsApps;C:\Users\Nicoj\AppData\Local\Programs\Microsoft VS Code\bin;C:\Users\Nicoj\AppData\Local\Programs\Windsurf\bin;C:\Users\Nicoj\AppData\Roaming\npm;C:\Users\Nicoj\AppData\Local\GitHubDesktop\bin;C:\flutter\bin;C:\flutter\bin
USERNAME=Nicoj
OS=Windows_NT
PROCESSOR_IDENTIFIER=Intel64 Family 6 Model 154 Stepping 3, GenuineIntel
TMP=C:\Users\Nicoj\AppData\Local\Temp
TEMP=C:\Users\Nicoj\AppData\Local\Temp




Periodic native trim disabled

---------------  S Y S T E M  ---------------

OS:
 Windows 11 , 64 bit Build 26100 (10.0.26100.8328)
OS uptime: 0 days 4:03 hours
Hyper-V role detected

CPU: total 16 (initial active 16) (8 cores per cpu, 2 threads per core) family 6 model 154 stepping 3 microcode 0x423, cx8, cmov, fxsr, ht, mmx, 3dnowpref, sse, sse2, sse3, ssse3, sse4.1, sse4.2, popcnt, lzcnt, tsc, tscinvbit, avx, avx2, aes, erms, clmul, bmi1, bmi2, adx, sha, fma, vzeroupper, clflush, clflushopt, clwb, hv, serialize, rdtscp, rdpid, fsrm, gfni, f16c, cet_ibt, cet_ss
Processor Information for processor 0
  Max Mhz: 3100, Current Mhz: 3100, Mhz Limit: 3100
Processor Information for processor 1
  Max Mhz: 3100, Current Mhz: 3100, Mhz Limit: 3100
Processor Information for processor 2
  Max Mhz: 3100, Current Mhz: 3100, Mhz Limit: 3100
Processor Information for processor 3
  Max Mhz: 3100, Current Mhz: 3100, Mhz Limit: 3100
Processor Information for processor 4
  Max Mhz: 3100, Current Mhz: 3100, Mhz Limit: 3100
Processor Information for processor 5
  Max Mhz: 3100, Current Mhz: 3100, Mhz Limit: 3100
Processor Information for processor 6
  Max Mhz: 3100, Current Mhz: 3100, Mhz Limit: 3100
Processor Information for processor 7
  Max Mhz: 3100, Current Mhz: 3100, Mhz Limit: 3100
Processor Information for processor 8
  Max Mhz: 3100, Current Mhz: 2232, Mhz Limit: 2232
Processor Information for processor 9
  Max Mhz: 3100, Current Mhz: 2232, Mhz Limit: 2232
Processor Information for processor 10
  Max Mhz: 3100, Current Mhz: 1488, Mhz Limit: 2232
Processor Information for processor 11
  Max Mhz: 3100, Current Mhz: 1488, Mhz Limit: 2232
Processor Information for processor 12
  Max Mhz: 3100, Current Mhz: 2232, Mhz Limit: 2232
Processor Information for processor 13
  Max Mhz: 3100, Current Mhz: 2232, Mhz Limit: 2232
Processor Information for processor 14
  Max Mhz: 3100, Current Mhz: 2232, Mhz Limit: 2232
Processor Information for processor 15
  Max Mhz: 3100, Current Mhz: 2232, Mhz Limit: 2232

Memory: 4k page, system-wide physical 7896M (439M free)
TotalPageFile size 24280M (AvailPageFile size 27M)
current process WorkingSet (physical memory assigned to process): 147M, peak: 162M
current process commit charge ("private bytes"): 267M, peak: 291M

vm_info: Java HotSpot(TM) 64-Bit Server VM (23.0.1+11-39) for windows-amd64 JRE (23.0.1+11-39), built on 2024-09-30T07:20:43Z with MS VC++ 17.6 (VS2022)

END.
